OpenJDK 64-Bit Server VM (25.212-b04) for linux-amd64 JRE (1.8.0_212-b04), built on May  4 2019 17:56:12 by "buildozer" with gcc 8.3.0
Memory: 4k page, physical 12846028k(6108760k free), swap 4194304k(4194304k free)
CommandLine flags: -XX:CMSInitiatingOccupancyFraction=75 -XX:+CMSParallelRemarkEnabled -XX:CompressedClassSpaceSize=260046848 -XX:+DisableExplicitGC -XX:+HeapDumpOnOutOfMemoryError -XX:HeapDumpPath=/var/log/seata_heapdump.hprof -XX:InitialHeapSize=205536448 -XX:MaxDirectMemorySize=1073741824 -XX:MaxHeapSize=3288583168 -XX:MaxMetaspaceSize=268435456 -XX:MetaspaceSize=134217728 -XX:-OmitStackTraceInFastThrow -XX:+PrintGC -XX:+PrintGCTimeStamps -XX:SurvivorRatio=10 -XX:ThreadStackSize=512 -XX:+UnlockExperimentalVMOptions -XX:-UseAdaptiveSizePolicy -XX:+UseCMSInitiatingOccupancyOnly -XX:+UseCompressedClassPointers -XX:+UseCompressedOops -XX:+UseContainerSupport -XX:+UseParallelGC 
0.930: [GC (Allocation Failure)  56320K->5845K(197120K), 0.0055142 secs]
1.540: [GC (Allocation Failure)  62165K->7902K(197120K), 0.0056268 secs]
7.347: [GC (Allocation Failure)  64222K->13646K(197120K), 0.0088321 secs]
753.240: [GC (Allocation Failure)  69966K->14018K(197120K), 0.0051222 secs]
1594.744: [GC (Allocation Failure)  70338K->14082K(197120K), 0.0054141 secs]
2446.241: [GC (Allocation Failure)  70402K->14178K(197120K), 0.0043760 secs]
3100.238: [GC (Allocation Failure)  70498K->15822K(197120K), 0.0098883 secs]
3978.252: [GC (Allocation Failure)  72142K->16005K(197120K), 0.0077913 secs]
4862.569: [GC (Allocation Failure)  72325K->15661K(197120K), 0.0057725 secs]
5747.973: [GC (Allocation Failure)  71981K->15653K(197120K), 0.0054709 secs]
6644.648: [GC (Allocation Failure)  71973K->15997K(197120K), 0.0082638 secs]
7512.250: [GC (Allocation Failure)  72317K->17077K(197120K), 0.0061702 secs]
8421.102: [GC (Allocation Failure)  73397K->17181K(197120K), 0.0131005 secs]
9336.237: [GC (Allocation Failure)  73501K->17197K(197120K), 0.0145327 secs]
10248.241: [GC (Allocation Failure)  73517K->17245K(197120K), 0.0186839 secs]
11769.287: [GC (Allocation Failure)  73565K->17715K(197120K), 0.0079170 secs]
12381.243: [GC (Allocation Failure)  74035K->17733K(197120K), 0.0028596 secs]
59130.935: [GC (Allocation Failure)  74053K->18267K(197120K), 0.0075811 secs]
59134.633: [GC (Allocation Failure)  74587K->17771K(197120K), 0.0045207 secs]
59137.917: [GC (Allocation Failure)  74091K->17827K(197120K), 0.0043160 secs]
59141.175: [GC (Allocation Failure)  74147K->17835K(197120K), 0.0026665 secs]
59144.124: [GC (Allocation Failure)  74155K->17783K(197120K), 0.0040587 secs]
59146.696: [GC (Allocation Failure)  74103K->17983K(197120K), 0.0023012 secs]
59149.333: [GC (Allocation Failure)  74303K->17959K(197120K), 0.0030236 secs]
59152.264: [GC (Allocation Failure)  74279K->17903K(197120K), 0.0038964 secs]
59155.141: [GC (Allocation Failure)  74223K->18071K(197120K), 0.0030279 secs]
62939.175: [GC (Allocation Failure)  74391K->18351K(197120K), 0.0059372 secs]
62943.488: [GC (Allocation Failure)  74671K->18263K(197120K), 0.0021431 secs]
62945.893: [GC (Allocation Failure)  74583K->18167K(197120K), 0.0025794 secs]
62948.378: [GC (Allocation Failure)  74487K->18271K(197120K), 0.0017885 secs]
62950.724: [GC (Allocation Failure)  74591K->18159K(197120K), 0.0025045 secs]
62952.893: [GC (Allocation Failure)  74479K->18231K(197120K), 0.0021836 secs]
62955.058: [GC (Allocation Failure)  74551K->18266K(197120K), 0.0023019 secs]
62957.203: [GC (Allocation Failure)  74586K->18250K(197120K), 0.0023300 secs]
62959.363: [GC (Allocation Failure)  74570K->18338K(197120K), 0.0019398 secs]
62961.548: [GC (Allocation Failure)  74658K->18258K(197120K), 0.0023462 secs]
62963.693: [GC (Allocation Failure)  74578K->18290K(197120K), 0.0018523 secs]
62965.947: [GC (Allocation Failure)  74610K->18322K(197120K), 0.0020288 secs]
62968.208: [GC (Allocation Failure)  74642K->18306K(197120K), 0.0019350 secs]
62970.346: [GC (Allocation Failure)  74626K->18290K(197120K), 0.0018232 secs]
62972.546: [GC (Allocation Failure)  74610K->18322K(197120K), 0.0025143 secs]
62974.751: [GC (Allocation Failure)  74642K->18467K(197120K), 0.0013260 secs]
62977.150: [GC (Allocation Failure)  74787K->18435K(197120K), 0.0021101 secs]
62979.262: [GC (Allocation Failure)  74755K->18435K(197120K), 0.0017627 secs]
62981.478: [GC (Allocation Failure)  74755K->18339K(197120K), 0.0024555 secs]
62983.693: [GC (Allocation Failure)  74659K->18371K(197120K), 0.0019973 secs]
62985.931: [GC (Allocation Failure)  74691K->18371K(197120K), 0.0023231 secs]
62988.186: [GC (Allocation Failure)  74691K->18371K(197120K), 0.0025721 secs]
62990.430: [GC (Allocation Failure)  74691K->18371K(197120K), 0.0018105 secs]
62992.679: [GC (Allocation Failure)  74691K->18467K(197120K), 0.0015378 secs]
62994.881: [GC (Allocation Failure)  74787K->18403K(197120K), 0.0019000 secs]
62997.061: [GC (Allocation Failure)  74723K->18403K(197120K), 0.0017986 secs]
62999.343: [GC (Allocation Failure)  74723K->18307K(197120K), 0.0059220 secs]
63001.652: [GC (Allocation Failure)  74627K->18403K(197120K), 0.0017265 secs]
63003.839: [GC (Allocation Failure)  74723K->18371K(197120K), 0.0027008 secs]
63820.242: [GC (Allocation Failure)  74691K->18571K(197120K), 0.0018785 secs]
64734.242: [GC (Allocation Failure)  74891K->18603K(197120K), 0.0016168 secs]
65637.131: [GC (Allocation Failure)  74923K->18635K(197120K), 0.0099867 secs]
66524.241: [GC (Allocation Failure)  74955K->19539K(197120K), 0.0026342 secs]
67397.984: [GC (Allocation Failure)  75859K->20475K(197120K), 0.0025653 secs]
68304.238: [GC (Allocation Failure)  76795K->20499K(197120K), 0.0032787 secs]
